
> ryuten-senpa-full-shields-lines-test@1.2.1-xplus.4 test
> node --test tests/*.test.mjs

TAP version 13
# Subtest: account module exposes approved API, live state, and replaces pp.openSkinPicker
ok 1 - account module exposes approved API, live state, and replaces pp.openSkinPicker
  ---
  duration_ms: 9.711645
  type: 'test'
  ...
# Subtest: auth opens the existing native provider without showing the native menu
ok 2 - auth opens the existing native provider without showing the native menu
  ---
  duration_ms: 4.500058
  type: 'test'
  ...
# Subtest: h.accountLogin is preferred when native provider buttons are not mounted
ok 3 - h.accountLogin is preferred when native provider buttons are not mounted
  ---
  duration_ms: 2.184751
  type: 'test'
  ...
# Subtest: account refresh and skins use h.config/native account routes
ok 4 - account refresh and skins use h.config/native account routes
  ---
  duration_ms: 2.823751
  type: 'test'
  ...
# Subtest: equipSkin commits only after a successful native response and rolls back failed mutations
ok 5 - equipSkin commits only after a successful native response and rolls back failed mutations
  ---
  duration_ms: 3.34924
  type: 'test'
  ...
# Subtest: owned hats equip through native hats/equip and failed responses leave ownership state unchanged
ok 6 - owned hats equip through native hats/equip and failed responses leave ownership state unchanged
  ---
  duration_ms: 3.448129
  type: 'test'
  ...
# Subtest: owned emoji equip waits for native success and sendEmoji calls only h.actions.sendEmoji
ok 7 - owned emoji equip waits for native success and sendEmoji calls only h.actions.sendEmoji
  ---
  duration_ms: 3.319085
  type: 'test'
  ...
# Subtest: normal account sections do not transition to native UI and Escape closes early
ok 8 - normal account sections do not transition to native UI and Escape closes early
  ---
  duration_ms: 3.960378
  type: 'test'
  ...
# Subtest: rendered text is textContent and artwork is restricted to HTTPS
ok 9 - rendered text is textContent and artwork is restricted to HTTPS
  ---
  duration_ms: 3.710793
  type: 'test'
  ...
# Subtest: zero interval preserves native macro feed and single feed action
ok 10 - zero interval preserves native macro feed and single feed action
  ---
  duration_ms: 2.955148
  type: 'test'
  ...
# Subtest: custom interval emits one native single-feed pulse per elapsed period
ok 11 - custom interval emits one native single-feed pulse per elapsed period
  ---
  duration_ms: 1.020382
  type: 'test'
  ...
# Subtest: multibox routes every pulse to the selected host as native slot zero
ok 12 - multibox routes every pulse to the selected host as native slot zero
  ---
  duration_ms: 0.881183
  type: 'test'
  ...
# Subtest: blur, menu, death, disconnect, and aux disposal release the timer
ok 13 - blur, menu, death, disconnect, and aux disposal release the timer
  ---
  duration_ms: 0.804618
  type: 'test'
  ...
# Subtest: setting interval while native macro is active releases native cadence once
ok 14 - setting interval while native macro is active releases native cadence once
  ---
  duration_ms: 0.668404
  type: 'test'
  ...
# Subtest: installer is idempotent and onSwitch supports the one-connection parent seam
ok 15 - installer is idempotent and onSwitch supports the one-connection parent seam
  ---
  duration_ms: 1.482536
  type: 'test'
  ...
# Subtest: one-connection switch stops the inactive stream when feed follows tab is disabled
ok 16 - one-connection switch stops the inactive stream when feed follows tab is disabled
  ---
  duration_ms: 0.633492
  type: 'test'
  ...
# Subtest: multibox select still releases custom feed when feed follows tab is disabled
ok 17 - multibox select still releases custom feed when feed follows tab is disabled
  ---
  duration_ms: 0.782716
  type: 'test'
  ...
# Subtest: auxiliary macro action uses its public slot while preserving native slot zero
ok 18 - auxiliary macro action uses its public slot while preserving native slot zero
  ---
  duration_ms: 1.036947
  type: 'test'
  ...
# Subtest: readiness follows routed myCells and timer pulses stop for menu or hidden document
ok 19 - readiness follows routed myCells and timer pulses stop for menu or hidden document
  ---
  duration_ms: 1.009155
  type: 'test'
  ...
# Subtest: multibox readiness checks the routed auxiliary cell, not primary player state
ok 20 - multibox readiness checks the routed auxiliary cell, not primary player state
  ---
  duration_ms: 0.658519
  type: 'test'
  ...
# Subtest: four-slot custom feed routes slots 0,1,2,3 without injecting switch pulses
ok 21 - four-slot custom feed routes slots 0,1,2,3 without injecting switch pulses
  ---
  duration_ms: 0.782545
  type: 'test'
  ...
# Subtest: native feed stops the old host before starting the newly selected host
ok 22 - native feed stops the old host before starting the newly selected host
  ---
  duration_ms: 0.922195
  type: 'test'
  ...
# Subtest: defaults are four stages and separate requests, never inherited six
ok 23 - defaults are four stages and separate requests, never inherited six
  ---
  duration_ms: 7.887325
  type: 'test'
  ...
# Subtest: centering uses endX/endY, not native animated x/y
ok 24 - centering uses endX/endY, not native animated x/y
  ---
  duration_ms: 1.116116
  type: 'test'
  ...
# Subtest: default waits then each split has an immediately preceding pinned aim
ok 25 - default waits then each split has an immediately preceding pinned aim
  ---
  duration_ms: 1.659763
  type: 'test'
  ...
# Subtest: arbitrary mouse diagonals retain every quadrant
ok 26 - arbitrary mouse diagonals retain every quadrant
  ---
  duration_ms: 4.203513
  type: 'test'
  ...
# Subtest: Exact center preset sends four singles at zero offset
ok 27 - Exact center preset sends four singles at zero offset
  ---
  duration_ms: 1.370669
  type: 'test'
  ...
# Subtest: Native burst sends one count=4, not four burst packets
ok 28 - Native burst sends one count=4, not four burst packets
  ---
  duration_ms: 2.069729
  type: 'test'
  ...
# Subtest: Endy rapid pins a far target and sends four singles
ok 29 - Endy rapid pins a far target and sends four singles
  ---
  duration_ms: 1.241174
  type: 'test'
  ...
# Subtest: all eight Endy locks send aim only and toggle off with the same direction
ok 30 - all eight Endy locks send aim only and toggle off with the same direction
  ---
  duration_ms: 1.994405
  type: 'test'
  ...
# Subtest: selected Endy lock preset is a toggle, not an automatic split
ok 31 - selected Endy lock preset is a toggle, not an automatic split
  ---
  duration_ms: 1.283547
  type: 'test'
  ...
# Subtest: aim is latched through splits and hold despite changing mouse/camera
ok 32 - aim is latched through splits and hold despite changing mouse/camera
  ---
  duration_ms: 1.747094
  type: 'test'
  ...
# Subtest: moving received center is refreshed during preparation
ok 33 - moving received center is refreshed during preparation
  ---
  duration_ms: 1.136797
  type: 'test'
  ...
# Subtest: a continuously moving center times out without splitting
ok 34 - a continuously moving center times out without splitting
  ---
  duration_ms: 1.860244
  type: 'test'
  ...
# Subtest: timer stall cancels remaining pulses instead of catch-up burst
ok 35 - timer stall cancels remaining pulses instead of catch-up burst
  ---
  duration_ms: 0.809736
  type: 'test'
  ...
# Subtest: switch during preparation cancels; it never splits newly selected player
ok 36 - switch during preparation cancels; it never splits newly selected player
  ---
  duration_ms: 0.749225
  type: 'test'
  ...
# Subtest: explicit switch cancellation stops pending train after first pulse
ok 37 - explicit switch cancellation stops pending train after first pulse
  ---
  duration_ms: 0.761424
  type: 'test'
  ...
# Subtest: WindBine logical P4 routes to auxiliary native slot 1
ok 38 - WindBine logical P4 routes to auxiliary native slot 1
  ---
  duration_ms: 0.882325
  type: 'test'
  ...
# Subtest: FFA logical P2 routes to auxiliary native slot 0
ok 39 - FFA logical P2 routes to auxiliary native slot 0
  ---
  duration_ms: 0.774393
  type: 'test'
  ...
# Subtest: independent direction locks survive switch but not blur
ok 40 - independent direction locks survive switch but not blur
  ---
  duration_ms: 1.714895
  type: 'test'
  ...
# Subtest: non-locked native slots retain original scheduler targets
ok 41 - non-locked native slots retain original scheduler targets
  ---
  duration_ms: 1.00555
  type: 'test'
  ...
# Subtest: locked direction does not prevent manual native splitting
ok 42 - locked direction does not prevent manual native splitting
  ---
  duration_ms: 0.698649
  type: 'test'
  ...
# Subtest: manual split aborts the pending automatic train
ok 43 - manual split aborts the pending automatic train
  ---
  duration_ms: 1.086712
  type: 'test'
  ...
# Subtest: chat/menu/replay/hidden focus each blocks the macro
ok 44 - chat/menu/replay/hidden focus each blocks the macro
  ---
  duration_ms: 3.096325
  type: 'test'
  ...
# Subtest: opening chat mid-train cancels remaining pulses
ok 45 - opening chat mid-train cancels remaining pulses
  ---
  duration_ms: 1.153632
  type: 'test'
  ...
# Subtest: socket replacement or connection generation change invalidates work
ok 46 - socket replacement or connection generation change invalidates work
  ---
  duration_ms: 4.803715
  type: 'test'
  ...
# Subtest: death / removed cells release the lock
ok 47 - death / removed cells release the lock
  ---
  duration_ms: 0.77863
  type: 'test'
  ...
# Subtest: native Stop remains unchanged but pinned aim is still sent
ok 48 - native Stop remains unchanged but pinned aim is still sent
  ---
  duration_ms: 0.697608
  type: 'test'
  ...
# Subtest: blank cells, NaN received positions and invalid viewport reject cleanly
ok 49 - blank cells, NaN received positions and invalid viewport reject cleanly
  ---
  duration_ms: 1.846393
  type: 'test'
  ...
# Subtest: centered mouse defaults to a right nudge; Exact center remains zero
ok 50 - centered mouse defaults to a right nudge; Exact center remains zero
  ---
  duration_ms: 1.301415
  type: 'test'
  ...
# Subtest: direction uses visible pose but transplant aims at received pose in XPLUS
ok 51 - direction uses visible pose but transplant aims at received pose in XPLUS
  ---
  duration_ms: 1.150087
  type: 'test'
  ...
# Subtest: high DPI projection keeps same intended direction
ok 52 - high DPI projection keeps same intended direction
  ---
  duration_ms: 1.17835
  type: 'test'
  ...
# Subtest: negative positions and near representable limits stay finite Int32 without wrap
ok 53 - negative positions and near representable limits stay finite Int32 without wrap
  ---
  duration_ms: 0.832109
  type: 'test'
  ...
# Subtest: maximum six stages and all timing values are bounded
ok 54 - maximum six stages and all timing values are bounded
  ---
  duration_ms: 0.971089
  type: 'test'
  ...
# Subtest: held repeat / overlapping trigger cannot queue additional trains
ok 55 - held repeat / overlapping trigger cannot queue additional trains
  ---
  duration_ms: 1.858942
  type: 'test'
  ...
# Subtest: the second configurable hotkey slot works too
ok 56 - the second configurable hotkey slot works too
  ---
  duration_ms: 0.809817
  type: 'test'
  ...
# Subtest: settings keep existing line key and default four stages; directional keys start unbound
ok 57 - settings keep existing line key and default four stages; directional keys start unbound
  ---
  duration_ms: 0.992801
  type: 'test'
  ...
# Subtest: no native pose, camera, player slot or mass is rewritten
ok 58 - no native pose, camera, player slot or mass is rewritten
  ---
  duration_ms: 1.073633
  type: 'test'
  ...
# Subtest: dispose restores packet and scheduler functions and removes timers
ok 59 - dispose restores packet and scheduler functions and removes timers
  ---
  duration_ms: 0.954764
  type: 'test'
  ...
# Subtest: line hotkeys use Ryuten spellings and combined modifiers, not narrower Senpa keys
ok 60 - line hotkeys use Ryuten spellings and combined modifiers, not narrower Senpa keys
  ---
  duration_ms: 1.020723
  type: 'test'
  ...
# Subtest: mouse binding uses the editor second slot without moving the real mouse
ok 61 - mouse binding uses the editor second slot without moving the real mouse
  ---
  duration_ms: 0.929346
  type: 'test'
  ...
# Subtest: unused auxiliary wrappers are restored on release instead of retaining old realms
ok 62 - unused auxiliary wrappers are restored on release instead of retaining old realms
  ---
  duration_ms: 0.784419
  type: 'test'
  ...
# Subtest: native aim exception cancels immediately without a stuck operation or timer
ok 63 - native aim exception cancels immediately without a stuck operation or timer
  ---
  duration_ms: 0.800012
  type: 'test'
  ...
# Subtest: native split exception is reported and leaves no queued split requests
ok 64 - native split exception is reported and leaves no queued split requests
  ---
  duration_ms: 0.83201
  type: 'test'
  ...
# Subtest: auxiliary lock send failure restores the original native writer
ok 65 - auxiliary lock send failure restores the original native writer
  ---
  duration_ms: 0.624278
  type: 'test'
  ...
# Subtest: cursor failure during centering cannot schedule another settle callback
ok 66 - cursor failure during centering cannot schedule another settle callback
  ---
  duration_ms: 0.804218
  type: 'test'
  ...
# Subtest: All ten digits have a black outline before an opaque white fill
ok 67 - All ten digits have a black outline before an opaque white fill
  ---
  duration_ms: 3.576782
  type: 'test'
  ...
# Subtest: A single 512px atlas is cached; no per-frame canvas work
ok 68 - A single 512px atlas is cached; no per-frame canvas work
  ---
  duration_ms: 0.77899
  type: 'test'
  ...
# Subtest: Available local Ubuntu is selected without downloading a font
ok 69 - Available local Ubuntu is selected without downloading a font
  ---
  duration_ms: 0.674232
  type: 'test'
  ...
# Subtest: Missing Ubuntu uses a declared local sans-serif fallback, not an invented exact match
ok 70 - Missing Ubuntu uses a declared local sans-serif fallback, not an invented exact match
  ---
  duration_ms: 0.553832
  type: 'test'
  ...
# Subtest: Digit texture slots retain the native atlas coordinates
ok 71 - Digit texture slots retain the native atlas coordinates
  ---
  duration_ms: 0.676166
  type: 'test'
  ...
# Subtest: Mass style never alters name colors, gameplay objects or native settings
ok 72 - Mass style never alters name colors, gameplay objects or native settings
  ---
  duration_ms: 0.584457
  type: 'test'
  ...
# Subtest: Generated script contains the guarded white mass seam and preserves name tint
ok 73 - Generated script contains the guarded white mass seam and preserves name tint
  ---
  duration_ms: 34.201334
  type: 'test'
  ...
# Subtest: Recovered baseline reconstructs byte-for-byte
ok 74 - Recovered baseline reconstructs byte-for-byte
  ---
  duration_ms: 156.188422
  type: 'test'
  ...
1..74
# tests 74
# suites 0
# pass 74
# fail 0
# cancelled 0
# skipped 0
# todo 0
# duration_ms 327.043341
